Using pre-set license
Built from '2022.3/staging' branch; Version is '2022.3.45f1 (a13dfa44d684) revision 10567162'; Using compiler version '192829333'; Build Type 'Release'
OS: 'Windows 11  (10.0.22631) 64bit Core' Language: 'fr' Physical Memory: 30413 MB
BatchMode: 1, IsHumanControllingUs: 0, StartBugReporterOnCrash: 0, Is64bit: 1, IsPro: 1

COMMAND LINE ARGUMENTS:
C:\Program Files\Unity\Hub\Editor\2022.3.45f1\Editor\Unity.exe
-adb2
-batchMode
-noUpm
-name
AssetImportWorker0
-projectPath
C:/Users/margo/OneDrive/Documents/PATHOS
-logFile
Logs/AssetImportWorker0.log
-srvPort
54637
Successfully changed project path to: C:/Users/margo/OneDrive/Documents/PATHOS
C:/Users/margo/OneDrive/Documents/PATHOS
[UnityMemory] Configuration Parameters - Can be set up in boot.config
    "memorysetup-bucket-allocator-granularity=16"
    "memorysetup-bucket-allocator-bucket-count=8"
    "memorysetup-bucket-allocator-block-size=33554432"
    "memorysetup-bucket-allocator-block-count=8"
    "memorysetup-main-allocator-block-size=16777216"
    "memorysetup-thread-allocator-block-size=16777216"
    "memorysetup-gfx-main-allocator-block-size=16777216"
    "memorysetup-gfx-thread-allocator-block-size=16777216"
    "memorysetup-cache-allocator-block-size=4194304"
    "memorysetup-typetree-allocator-block-size=2097152"
    "memorysetup-profiler-bucket-allocator-granularity=16"
    "memorysetup-profiler-bucket-allocator-bucket-count=8"
    "memorysetup-profiler-bucket-allocator-block-size=33554432"
    "memorysetup-profiler-bucket-allocator-block-count=8"
    "memorysetup-profiler-allocator-block-size=16777216"
    "memorysetup-profiler-editor-allocator-block-size=1048576"
    "memorysetup-temp-allocator-size-main=16777216"
    "memorysetup-job-temp-allocator-block-size=2097152"
    "memorysetup-job-temp-allocator-block-size-background=1048576"
    "memorysetup-job-temp-allocator-reduction-small-platforms=262144"
    "memorysetup-allocator-temp-initial-block-size-main=262144"
    "memorysetup-allocator-temp-initial-block-size-worker=262144"
    "memorysetup-temp-allocator-size-background-worker=32768"
    "memorysetup-temp-allocator-size-job-worker=262144"
    "memorysetup-temp-allocator-size-preload-manager=33554432"
    "memorysetup-temp-allocator-size-nav-mesh-worker=65536"
    "memorysetup-temp-allocator-size-audio-worker=65536"
    "memorysetup-temp-allocator-size-cloud-worker=32768"
    "memorysetup-temp-allocator-size-gi-baking-worker=262144"
    "memorysetup-temp-allocator-size-gfx=262144"
Player connection [47452]  Target information:

Player connection [47452]  * "[IP] 10.2.160.238 [Port] 0 [Flags] 2 [Guid] 1705790384 [EditorId] 1705790384 [Version] 1048832 [Id] WindowsEditor(7,HP_OMEN_Margot) [Debug] 1 [PackageName] WindowsEditor [ProjectName] Editor" 

Player connection [47452] Host joined multi-casting on [225.0.0.222:54997]...
Player connection [47452] Host joined alternative multi-casting on [225.0.0.222:34997]...
[PhysX] Initialized MultithreadedTaskDispatcher with 24 workers.
Refreshing native plugins compatible for Editor in 0.00 ms, found 0 plugins.
Preloading 0 native plugins for Editor in 0.00 ms.
Initialize engine version: 2022.3.45f1 (a13dfa44d684)
[Subsystems] Discovering subsystems at path C:/Program Files/Unity/Hub/Editor/2022.3.45f1/Editor/Data/Resources/UnitySubsystems
[Subsystems] Discovering subsystems at path C:/Users/margo/OneDrive/Documents/PATHOS/Assets
GfxDevice: creating device client; threaded=0; jobified=0
Direct3D:
    Version:  Direct3D 11.0 [level 11.1]
    Renderer: NVIDIA GeForce RTX 4060 Laptop GPU (ID=0x28e0)
    Vendor:   NVIDIA
    VRAM:     7972 MB
    Driver:   31.0.15.4683
Initialize mono
Mono path[0] = 'C:/Program Files/Unity/Hub/Editor/2022.3.45f1/Editor/Data/Managed'
Mono path[1] = 'C:/Program Files/Unity/Hub/Editor/2022.3.45f1/Editor/Data/MonoBleedingEdge/lib/mono/unityjit-win32'
Mono config path = 'C:/Program Files/Unity/Hub/Editor/2022.3.45f1/Editor/Data/MonoBleedingEdge/etc'
Using monoOptions --debugger-agent=transport=dt_socket,embedding=1,server=y,suspend=n,address=127.0.0.1:56856
Begin MonoManager ReloadAssembly
Registering precompiled unity dll's ...
Register platform support module: C:/Program Files/Unity/Hub/Editor/2022.3.45f1/Editor/Data/PlaybackEngines/WindowsStandaloneSupport/UnityEditor.WindowsStandalone.Extensions.dll
Registered in 0.009283 seconds.
- Loaded All Assemblies, in  0.447 seconds
Native extension for WindowsStandalone target not found
Mono: successfully reloaded assembly
- Finished resetting the current domain, in  0.322 seconds
Domain Reload Profiling: 767ms
	BeginReloadAssembly (145ms)
		ExecutionOrderSort (0ms)
		DisableScriptedObjects (0ms)
		BackupInstance (0ms)
		ReleaseScriptingObjects (0ms)
		CreateAndSetChildDomain (1ms)
	RebuildCommonClasses (42ms)
	RebuildNativeTypeToScriptingClass (12ms)
	initialDomainReloadingComplete (78ms)
	LoadAllAssembliesAndSetupDomain (168ms)
		LoadAssemblies (141ms)
		RebuildTransferFunctionScriptingTraits (0ms)
		AnalyzeDomain (166ms)
			TypeCache.Refresh (164ms)
				TypeCache.ScanAssembly (150ms)
			ScanForSourceGeneratedMonoScriptInfo (0ms)
			ResolveRequiredComponents (1ms)
	FinalizeReload (323ms)
		ReleaseScriptCaches (0ms)
		RebuildScriptCaches (0ms)
		SetupLoadedEditorAssemblies (260ms)
			LogAssemblyErrors (0ms)
			InitializePlatformSupportModulesInManaged (12ms)
			SetLoadedEditorAssemblies (12ms)
			RefreshPlugins (0ms)
			BeforeProcessingInitializeOnLoad (3ms)
			ProcessInitializeOnLoadAttributes (177ms)
			ProcessInitializeOnLoadMethodAttributes (56ms)
			AfterProcessingInitializeOnLoad (0ms)
			EditorAssembliesLoaded (0ms)
		ExecutionOrderSort2 (0ms)
		AwakeInstancesAfterBackupRestoration (0ms)
========================================================================
Worker process is ready to serve import requests
Caller must complete domain reload
Begin MonoManager ReloadAssembly
- Loaded All Assemblies, in  0.220 seconds
Native extension for WindowsStandalone target not found
Mono: successfully reloaded assembly
- Finished resetting the current domain, in  0.318 seconds
Domain Reload Profiling: 537ms
	BeginReloadAssembly (149ms)
		ExecutionOrderSort (0ms)
		DisableScriptedObjects (6ms)
		BackupInstance (0ms)
		ReleaseScriptingObjects (0ms)
		CreateAndSetChildDomain (19ms)
	RebuildCommonClasses (34ms)
	RebuildNativeTypeToScriptingClass (10ms)
	initialDomainReloadingComplete (20ms)
	LoadAllAssembliesAndSetupDomain (5ms)
		LoadAssemblies (81ms)
		RebuildTransferFunctionScriptingTraits (0ms)
		AnalyzeDomain (4ms)
			TypeCache.Refresh (3ms)
				TypeCache.ScanAssembly (0ms)
			ScanForSourceGeneratedMonoScriptInfo (0ms)
			ResolveRequiredComponents (0ms)
	FinalizeReload (319ms)
		ReleaseScriptCaches (0ms)
		RebuildScriptCaches (0ms)
		SetupLoadedEditorAssemblies (196ms)
			LogAssemblyErrors (0ms)
			InitializePlatformSupportModulesInManaged (7ms)
			SetLoadedEditorAssemblies (7ms)
			RefreshPlugins (0ms)
			BeforeProcessingInitializeOnLoad (28ms)
			ProcessInitializeOnLoadAttributes (132ms)
			ProcessInitializeOnLoadMethodAttributes (17ms)
			AfterProcessingInitializeOnLoad (5ms)
			EditorAssembliesLoaded (0ms)
		ExecutionOrderSort2 (0ms)
		AwakeInstancesAfterBackupRestoration (6ms)
Launched and connected shader compiler UnityShaderCompiler.exe after 0.07 seconds
Refreshing native plugins compatible for Editor in 0.00 ms, found 0 plugins.
Preloading 0 native plugins for Editor in 0.00 ms.
Unloading 20 Unused Serialized files (Serialized files now loaded: 0)
Unloading 3 unused Assets / (51.1 KB). Loaded Objects now: 489.
Memory consumption went from 54.1 MB to 54.1 MB.
Total: 3.312800 ms (FindLiveObjects: 0.058400 ms CreateObjectMapping: 0.005700 ms MarkObjects: 3.182000 ms  DeleteObjects: 0.064900 ms)

AssetImportParameters requested are different than current active one (requested -> active):
  custom:video-decoder-ogg-theora: a1e56fd34408186e4bbccfd4996cb3dc -> 
  custom:container-muxer-webm: aa71ff27fc2769a1b78a27578f13a17b -> 
  custom:container-demuxer-webm: 4f35f7cbe854078d1ac9338744f61a02 -> 
  custom:video-encoder-webm-vp8: eb34c28f22e8b96e1ab97ce403110664 -> 
  custom:video-codec-MediaFoundation-h265: 746d11721c4dcdbdad8f713fa42b33f4 -> 
  custom:CustomObjectIndexerAttribute: 9a22284fe3817be447336de3de66b15e -> 
  custom:audio-encoder-webm-vorbis: bf7c407c2cedff20999df2af8eb42d56 -> 
  custom:framework-win-MediaFoundation: 216162199b28c13a410421893ffa2e32 -> 
  custom:SearchIndexIgnoredProperties: e643bd26f0fe6173181afceb89e7c659 -> 
  custom:container-demuxer-ogg: 62fdf1f143b41e24485cea50d1cbac27 -> 
  custom:video-decoder-webm-vp8: 9c59270c3fd7afecdb556c50c9e8de78 -> 
  custom:audio-decoder-ogg-vorbis: bf7c407c2cedff20999df2af8eb42d56 -> 
  custom:AudioImporter_EditorPlatform: d09bf68614088b80899f8185d706f6e7 -> 
========================================================================
Received Import Request.
  Time since last request: 636234.392524 seconds.
  path: Assets/Scenes/Menu.unity
  artifactKey: Guid(10c462ff758f19942b6664d06aa15d60) Importer(815301076,1909f56bfc062723c751e8b465ee728b)
Start importing Assets/Scenes/Menu.unity using Guid(10c462ff758f19942b6664d06aa15d60) Importer(815301076,1909f56bfc062723c751e8b465ee728b) [PhysX] Initialized MultithreadedTaskDispatcher with 24 workers.
 -> (artifact id: '604ad3b4d1697279289a7056c892c339') in 0.003598 seconds
Number of updated asset objects reloaded before import = 0
Number of asset objects unloaded after import = 0
========================================================================
Received Import Request.
  Time since last request: 19.300070 seconds.
  path: Assets/Scenes/GameDay.unity
  artifactKey: Guid(07d4c581d35057f46ac2f37a80524a9c) Importer(815301076,1909f56bfc062723c751e8b465ee728b)
Start importing Assets/Scenes/GameDay.unity using Guid(07d4c581d35057f46ac2f37a80524a9c) Importer(815301076,1909f56bfc062723c751e8b465ee728b) [PhysX] Initialized MultithreadedTaskDispatcher with 24 workers.
 -> (artifact id: '8c38c2571548e14767b5636adfd94bcf') in 0.000648 seconds
Number of updated asset objects reloaded before import = 0
Number of asset objects unloaded after import = 0
========================================================================
Received Import Request.
  Time since last request: 9.606662 seconds.
  path: Assets/Scenes/GameNight.unity
  artifactKey: Guid(6485b2baa31b9904993a5d6d10f078b5) Importer(815301076,1909f56bfc062723c751e8b465ee728b)
Start importing Assets/Scenes/GameNight.unity using Guid(6485b2baa31b9904993a5d6d10f078b5) Importer(815301076,1909f56bfc062723c751e8b465ee728b) [PhysX] Initialized MultithreadedTaskDispatcher with 24 workers.
 -> (artifact id: 'ebef57b4f0278273e2e537e43ac259ac') in 0.000601 seconds
Number of updated asset objects reloaded before import = 0
Number of asset objects unloaded after import = 0
========================================================================
Received Import Request.
  Time since last request: 12.201423 seconds.
  path: Assets/Scenes/SampleScene.unity
  artifactKey: Guid(8c9cfa26abfee488c85f1582747f6a02) Importer(815301076,1909f56bfc062723c751e8b465ee728b)
Start importing Assets/Scenes/SampleScene.unity using Guid(8c9cfa26abfee488c85f1582747f6a02) Importer(815301076,1909f56bfc062723c751e8b465ee728b) [PhysX] Initialized MultithreadedTaskDispatcher with 24 workers.
 -> (artifact id: 'd0551704c62661057560dc650a20513e') in 0.000704 seconds
Number of updated asset objects reloaded before import = 0
Number of asset objects unloaded after import = 0
========================================================================
Received Import Request.
  Time since last request: 9.969488 seconds.
  path: Assets/Scenes/SceneMargot.unity
  artifactKey: Guid(8c9cfa26abfee488c85f1582747f6a02) Importer(815301076,1909f56bfc062723c751e8b465ee728b)
Start importing Assets/Scenes/SceneMargot.unity using Guid(8c9cfa26abfee488c85f1582747f6a02) Importer(815301076,1909f56bfc062723c751e8b465ee728b) [PhysX] Initialized MultithreadedTaskDispatcher with 24 workers.
 -> (artifact id: '58308addfe68576c199cc4338087cf4f') in 0.000695 seconds
Number of updated asset objects reloaded before import = 0
Number of asset objects unloaded after import = 0
========================================================================
Received Import Request.
  Time since last request: 159.403170 seconds.
  path: Assets/Settings
  artifactKey: Guid(0220aab0833d04faeb927d84ca6cc40c) Importer(815301076,1909f56bfc062723c751e8b465ee728b)
Start importing Assets/Settings using Guid(0220aab0833d04faeb927d84ca6cc40c) Importer(815301076,1909f56bfc062723c751e8b465ee728b) [PhysX] Initialized MultithreadedTaskDispatcher with 24 workers.
 -> (artifact id: 'f22bce1487c94e82f457bbaa0ad56703') in 0.000836 seconds
Number of updated asset objects reloaded before import = 0
Number of asset objects unloaded after import = 0
========================================================================
Received Import Request.
  Time since last request: 0.065969 seconds.
  path: Assets/Settings/Lit2DSceneTemplate.scenetemplate
  artifactKey: Guid(d03ed43fc9d8a4f2e9fa70c1c7916eb9) Importer(815301076,1909f56bfc062723c751e8b465ee728b)
Start importing Assets/Settings/Lit2DSceneTemplate.scenetemplate using Guid(d03ed43fc9d8a4f2e9fa70c1c7916eb9) Importer(815301076,1909f56bfc062723c751e8b465ee728b) [PhysX] Initialized MultithreadedTaskDispatcher with 24 workers.
[PhysX] Initialized MultithreadedTaskDispatcher with 24 workers.
 -> (artifact id: 'f6492977e0f603f7db53d18db9877fc9') in 0.223363 seconds
Number of updated asset objects reloaded before import = 0
Number of asset objects unloaded after import = 4
========================================================================
Received Prepare
Caller must complete domain reload
Begin MonoManager ReloadAssembly
- Loaded All Assemblies, in  0.428 seconds
Native extension for WindowsStandalone target not found
Mono: successfully reloaded assembly
- Finished resetting the current domain, in  0.422 seconds
Domain Reload Profiling: 848ms
	BeginReloadAssembly (197ms)
		ExecutionOrderSort (0ms)
		DisableScriptedObjects (7ms)
		BackupInstance (0ms)
		ReleaseScriptingObjects (0ms)
		CreateAndSetChildDomain (25ms)
	RebuildCommonClasses (45ms)
	RebuildNativeTypeToScriptingClass (13ms)
	initialDomainReloadingComplete (48ms)
	LoadAllAssembliesAndSetupDomain (124ms)
		LoadAssemblies (231ms)
		RebuildTransferFunctionScriptingTraits (0ms)
		AnalyzeDomain (19ms)
			TypeCache.Refresh (13ms)
				TypeCache.ScanAssembly (9ms)
			ScanForSourceGeneratedMonoScriptInfo (3ms)
			ResolveRequiredComponents (3ms)
	FinalizeReload (423ms)
		ReleaseScriptCaches (0ms)
		RebuildScriptCaches (0ms)
		SetupLoadedEditorAssemblies (274ms)
			LogAssemblyErrors (0ms)
			InitializePlatformSupportModulesInManaged (7ms)
			SetLoadedEditorAssemblies (6ms)
			RefreshPlugins (0ms)
			BeforeProcessingInitializeOnLoad (45ms)
			ProcessInitializeOnLoadAttributes (187ms)
			ProcessInitializeOnLoadMethodAttributes (21ms)
			AfterProcessingInitializeOnLoad (7ms)
			EditorAssembliesLoaded (0ms)
		ExecutionOrderSort2 (0ms)
		AwakeInstancesAfterBackupRestoration (8ms)
Refreshing native plugins compatible for Editor in 0.00 ms, found 0 plugins.
Preloading 0 native plugins for Editor in 0.00 ms.
Unloading 441 Unused Serialized files (Serialized files now loaded: 0)
Unloading 4 unused Assets / (119.4 KB). Loaded Objects now: 949.
Memory consumption went from 64.8 MB to 64.6 MB.
Total: 3.678900 ms (FindLiveObjects: 0.074800 ms CreateObjectMapping: 0.012600 ms MarkObjects: 3.491100 ms  DeleteObjects: 0.098800 ms)

Prepare: number of updated asset objects reloaded= 0
AssetImportParameters requested are different than current active one (requested -> active):
  custom:scripting/monoscript/fileName/ScriptableObjectUtility.cs: c529d074f6f57a07e3f410d488963bbc -> 
  custom:scripting/monoscript/fileName/CinemachineBrain.cs: 365b4e0b6319f064062e97b8f8e32c8e -> 
  custom:scripting/monoscript/fileName/UnityTestAssemblyRunner.cs: 6329fd25aa4b3ce344b8f9506a5c2047 -> 
  custom:video-encoder-webm-vp8: eb34c28f22e8b96e1ab97ce403110664 -> 
  custom:scripting/monoscript/fileName/CinemachineGroupComposerEditor.cs: 54a07f36704e77a685a5e7e8c8b2c216 -> 
  custom:scripting/monoscript/fileName/ITestPlayerBuildModifier.cs: fe113c86bde5fdad424c8cc5e51fe0a4 -> 
  custom:scripting/monoscript/fileName/IPrebuildSceneSetup.cs: c89711320cb5af11897ec50fd61d4419 -> 
  custom:scripting/monoscript/fileName/RunData.cs: 772bee3d6504258eed6027a2ae076850 -> 
  custom:scripting/monoscript/fileName/CategoryFilterExtended.cs: fc9bf6f795e045112c18a4c1343c1ae1 -> 
  custom:scripting/monoscript/fileName/ResultsSavingCallbacks.cs: 96b4b28711ac58ce3dc199f3f7371922 -> 
  custom:scripting/monoscript/fileName/RerunCallbackData.cs: 4e0f854372c4476a9269ddc9aa7c8edb -> 
  custom:scripting/monoscript/fileName/CinemachineScreenComposerGuides.cs: cdc7ea02ccc4c8d1561d98d16760d1ca -> 
  custom:scripting/monoscript/fileName/CinemachineImpulseDefinitionPropertyDrawer.cs: 1b2fc77b0a80a7e0e9045e0d44fb761c -> 
  custom:video-decoder-webm-vp8: 9c59270c3fd7afecdb556c50c9e8de78 -> 
  custom:scripting/monoscript/fileName/AssetsDatabaseHelper.cs: e690d63c7b932a5efaeaf8c476198e75 -> 
  custom:scripting/monoscript/fileName/TestLauncherBase.cs: c78237b225a855d3af10df4cd8d6a1b2 -> 
  custom:scripting/monoscript/fileName/NoiseSettingsPropertyDrawer.cs: 8d3f69ba7eeec63914970bd3136b6ace -> 
  custom:scripting/monoscript/fileName/PostbuildCleanupAttributeFinder.cs: a060814a414a9bab17671800d815861d -> 
  custom:scripting/monoscript/fileName/VcamStageEditor.cs: 84b0eaf932b448975a99972628e556d8 -> 
  custom:scripting/monoscript/fileName/QuaternionEqualityComparer.cs: 0787e0a336d915c2829c2f55fd970a0d -> 
  custom:scripting/monoscript/fileName/PlaymodeTestsController.cs: 59c9d4597d46ecf4c6fbc8f49c64d0b9 -> 
  custom:scripting/monoscript/fileName/CinemachineConfinerEditor.cs: cc6c898a3390647ab91613c8a96de4b4 -> 
  custom:scripting/monoscript/fileName/CinemachineBrainEditor.cs: 49621d8b7679c0b5d128fef53d55becd -> 
  custom:scripting/monoscript/fileName/CinemachinePropertyAttribute.cs: e8158d9725ac3a9129a08e46a4ff7519 -> 
  custom:scripting/monoscript/fileName/EditorAssembliesProxy.cs: ef0f2d44f3e723650bf58ba30866667b -> 
  custom:scripting/monoscript/fileName/FloatEqualityComparer.cs: 6ddc5d5b0944c660e6b695f37c9febc8 -> 
  custom:scripting/monoscript/fileName/CinemachineHardLookAt.cs: 792580aec23d39bcecd7ceea4c27a0ce -> 
  custom:scripting/monoscript/fileName/ITestAdaptor.cs: 1f6228260995615097fc339d08bee2f4 -> 
  custom:scripting/monoscript/fileName/RequirePlatformSupportAttribute.cs: 6918694e41aa1ffd5ee72bd04646d4bb -> 
  custom:scripting/monoscript/fileName/ResultSummarizer.cs: fcfdcb2adeeb82cb8f411b44b44abdb0 -> 
  custom:scripting/monoscript/fileName/CinemachineFramingTransposerEditor.cs: 1653e1c00b2ca68b1d40f01e5bfb8445 -> 
  custom:scripting/monoscript/fileName/CinemachineVirtualCameraEditor.cs: 2e051d0c474634e907fe4123d6e2656e -> 
  custom:scripting/monoscript/fileName/RemoteTestResultDataFactory.cs: 875f30f4d57949231d64836d9e348a72 -> 
  custom:scripting/monoscript/fileName/CinemachineMenu.cs: 7b932811d9fa1e44d0d8b2b9ed75adf3 -> 
  custom:scripting/monoscript/fileName/RuntimeUtility.cs: 8c92a9f673836e5d2084dbeb0f10159f -> 
  custom:scripting/monoscript/fileName/CinemachineStateDrivenCameraEditor.cs: 77d9f0a97385f936d9b4ffaa686bce39 -> 
  custom:scripting/monoscript/fileName/OuterUnityTestActionCommand.cs: 36c13d7d2a2c5c2f372e7b1c0cc06d4d -> 
  custom:scripting/monoscript/fileName/CinemachineColliderPrefs.cs: 47106451d4685409820905badf49b71f -> 
  custom:scripting/monoscript/fileName/TestJobDataHolder.cs: 2c9edeeac80ff44e86cac8087411d260 -> 
  custom:scripting/monoscript/fileName/UnityTestAttribute.cs: a53f050fb661d50bb6c962963a554f8e -> 
  custom:scripting/monoscript/fileName/TestListTreeViewGUI.cs: bf873c97e960a33b0be65a5b638e7ff5 -> 
  custom:scripting/monoscript/fileName/TestListCache.cs: ff7c7e6ac29ad86c5fe33a64ed0d2f4f -> 
  custom:scripting/monoscript/fileName/CinemachineInputAxisDriver.cs: 7e424e54660fed310c58dc98ea41042e -> 
  custom:scripting/monoscript/fileName/CinemachineFreeLook.cs: bebc32b18bc4beddc113bad68624e557 -> 
  custom:scripting/monoscript/fileName/EditModeRunnerCallback.cs: 8a8dedaa2bec26f26744df4ec8e2f191 -> 
  custom:scripting/monoscript/fileName/EnterPlayMode.cs: c730bf9ff77514bb260ba9933378e49c -> 
  custom:scripting/monoscript/fileName/ITestSuiteModifier.cs: 4374b14ce25f3e6c8b983b3d579e38b4 -> 
  custom:scripting/monoscript/fileName/UnityTestMethodCommand.cs: ccfa8ff8b49ded2664d646e8ee3d5ff4 -> 
  custom:scripting/monoscript/fileName/Filter.cs: 935824dbebf762a19f2d4c4751625fe2 -> 
  custom:scripting/monoscript/fileName/TestJobRunner.cs: 1c3d9f2bfcdac33a01c4bb25c392ab4f -> 
  custom:scripting/monoscript/fileName/TestRunnerCallback.cs: 61231fce5590e38bfc5e9165e9803d8b -> 
  custom:scripting/monoscript/fileName/CinemachineFollowZoom.cs: eb74e2e98d3dc4647324e113f34710ca -> 
  custom:scripting/monoscript/fileName/IRemoteTestResultDataFactory.cs: 75d430448dca0118dc834f9aa964be1e -> 
  custom:scripting/monoscript/fileName/CompositeWorkItem.cs: bc884a89fde61fa75209209a03bbd836 -> 
  custom:scripting/monoscript/fileName/OrbitalTransposerHeadingPropertyDrawer.cs: 22496b76ce84f35f630c90badc4babd8 -> 
  custom:scripting/monoscript/fileName/CinemachineDebug.cs: 3077ed3b64725184c652d4c07ac732fd -> 
  custom:scripting/monoscript/fileName/TestRunnerUIFilter.cs: 15cddad256d0a7abe9cb58af110bbb72 -> 
  custom:scripting/monoscript/fileName/RunFinishedData.cs: a22f15c3a79d1f15ccc31ec29ab37874 -> 
  custom:scripting/monoscript/fileName/PerformUndoTask.cs: f38e53873dc9c7e638622dda18102b41 -> 
  custom:scripting/monoscript/fileName/CinemachineSettings.cs: 197f6d5ad32e253546b5afa056a5bba4 -> 
  custom:scripting/monoscript/fileName/FailCommand.cs: e0622be95cb9f4c04ff53066589d6d7e -> 
  custom:scripting/monoscript/fileName/UnityTearDownAttribute.cs: d90d4ba0821a80f48bd6cec8eab8964f -> 
  custom:scripting/monoscript/fileName/CinemachineBasicMultiChannelPerlin.cs: bd5416e75860cd63657371207eb79058 -> 
  custom:scripting/monoscript/fileName/ITestRunnerApi.cs: a476c74c9cbf5732bdfc8c88b9702476 -> 
  custom:scripting/monoscript/fileName/RemoteTestResultReciever.cs: 3396dcbdb7cfcd933b2182fbc1532e1a -> 
  custom:scripting/monoscript/fileName/TestPlatform.cs: 63c69f9b78d9a1c2cdf167569fd572b6 -> 
  custom:audio-decoder-ogg-vorbis: bf7c407c2cedff20999df2af8eb42d56 -> 
  custom:scripting/monoscript/fileName/CinemachineGroupComposer.cs: 173a689a80ef321c302f9c045419668f -> 
  custom:scripting/monoscript/fileName/RemotePlayerTestController.cs: a065d8dd9dff07ee3c40c0e473a65f06 -> 
  custom:scripting/monoscript/fileName/Vector4EqualityComparer.cs: 998bf018f3e79a3b4501bebf13133ef3 -> 
  custom:scripting/monoscript/fileName/PlayModeTestListGUI.cs: 9528035223f9376ea8c5bf32da2d30c1 -> 
  custom:scripting/monoscript/fileName/CinemachineLensPresets.cs: 014747fb0ab87178c677520d0bf20bf7 -> 
  custom:video-decoder-ogg-theora: a1e56fd34408186e4bbccfd4996cb3dc -> 
  custom:scripting/monoscript/fileName/ExitPlayMode.cs: f2eb63cb1a92bddb334eb5c2d75abc43 -> 
  custom:scripting/monoscript/fileName/CinemachineVirtualCameraBase.cs: c7e60cccdcb14ee2a33da9fd46c1c54f -> 
  custom:scripting/monoscript/fileName/EditorLoadedTestAssemblyProvider.cs: 406b39f61e53aa4b6c435e30af6b5276 -> 
  custom:scripting/monoscript/fileName/CinemachineBlendDefinitionPropertyDrawer.cs: 7ae344d19d646b738f3c65294becf216 -> 
  custom:scripting/monoscript/fileName/CinemachineFixedSignal.cs: aedcdca7a861da6e456e0ae105b24c41 -> 
  custom:scripting/monoscript/fileName/IStateSerializer.cs: 2c22f7cb714163eee04bfe4b72ec4957 -> 
  custom:scripting/monoscript/fileName/RemoteTestResultData.cs: 68a2b51f8872b9ef697b2155d9835735 -> 
  custom:scripting/monoscript/fileName/UnityTestProtocolListener.cs: 0d4d2ab58d3a081f00c0f200ee8696be -> 
  custom:scripting/monoscript/fileName/IAssemblyLoadProxy.cs: 10a2bd4f9f1d29ac107ff7e510533c16 -> 
  custom:scripting/monoscript/fileName/UnityTestProtocolStarter.cs: e4b107bc354fd6dcbd62420da6500b7c -> 
  custom:scripting/monoscript/fileName/RuntimeTestLauncherBase.cs: 9c570bd0d91da3e5211e4436ad92314b -> 
  custom:scripting/monoscript/fileName/CinemachineTrackedDollyEditor.cs: b4d6784c58752cea58aafd9a76ca4459 -> 
  custom:scripting/monoscript/fileName/CinemachineImpulseManager.cs: c34be3577a810e26fd0110c580799b88 -> 
  custom:scripting/monoscript/fileName/CinemachineOrbitalTransposer.cs: 71c52878ba6d43827473a480056a99da -> 
  custom:scripting/monoscript/fileName/CinemachineNoiseSettingsEditor.cs: 9056e69d9c759ba2504535054fff31c9 -> 
  custom:scripting/monoscript/fileName/CinemachineHardLockToTargetEditor.cs: c65eaafd47115974a2a9379aae467b0e -> 
  custom:scripting/monoscript/fileName/CinemachinePathEditor.cs: ce10985fbf0e018e2dea63fedae131ba -> 
  custom:scripting/monoscript/fileName/IMonoBehaviourTest.cs: 93dca3fac2d68012529173d3e7bc10a2 -> 
  custom:scripting/monoscript/fileName/Utils.cs: 40c528c300bfc0733192292a788cb076 -> 
  custom:scripting/monoscript/fileName/EditModeLauncher.cs: 9a2b5bcdc6140673378e5f8105411606 -> 
  custom:scripting/monoscript/fileName/MonoBehaviourTest.cs: 90647cc400823b41df847a6cbfc29026 -> 
  custom:scripting/monoscript/fileName/CoroutineTestWorkItem.cs: 8a69ee5c1adc29acc0a66cb7df14cbcf -> 
  custom:scripting/monoscript/fileName/TestActionCommand.cs: 753f99c04dd69dc2a43030237870dd1f -> 
  custom:scripting/monoscript/fileName/CinemachineCollider.cs: 8fa92f525b1c31cd81812685d7f8c288 -> 
  custom:scripting/monoscript/fileName/CinemachineCameraOffset.cs: a6887f67d3eb83cc6393b822d4e65121 -> 
  custom:scripting/monoscript/fileName/ICinemachineCamera.cs: 2faad4f04eaf5d98c2870adbfb06184e -> 
  custom:audio-encoder-webm-vorbis: bf7c407c2cedff20999df2af8eb42d56 -> 
  custom:scripting/monoscript/fileName/TestRunnerApi.cs: c95fe169deea2b7a18c185e8b5613c7e -> 
  custom:scripting/monoscript/fileName/ResultsWriter.cs: 746214782064f32efde31c48d7caa76f -> 
  custom:scripting/monoscript/fileName/CinemachineTouchInputMapper.cs: b9698729a07a7d31c864247e0582b566 -> 
  custom:scripting/monoscript/fileName/GuiHelper.cs: 7bbb51d455f8994ae6185c7dee04068a -> 
  custom:scripting/monoscript/fileName/CameraState.cs: 6ae7088fa20820e052d1e4d86059e90b -> 
  custom:scripting/monoscript/fileName/LuminPlatformSetup.cs: e65a295a4e58fc042cc74afa9243a080 -> 
  custom:scripting/monoscript/fileName/BuildActionTaskBase.cs: 90647cc400823b41df847a6cbfc29026 -> 
  custom:scripting/monoscript/fileName/TestMustExpectAllLogsAttribute.cs: cdf1c75549affd080e0ddbde5bcb7c34 -> 
  custom:scripting/monoscript/fileName/TestBuildAssemblyFilter.cs: 056870da734fd8ecf77d00737a22149f -> 
  custom:scripting/monoscript/fileName/ConditionalIgnoreAttribute.cs: 9f2f3d4c6b56d5f470ccdd0e1820d51b -> 
  custom:scripting/monoscript/fileName/ITestRunnerListener.cs: d52675266925b8e603f210be3981d59b -> 
  custom:scripting/monoscript/fileName/EditorAssemblyWrapper.cs: 8682dbb48030d53c622cd194bfa9e87d -> 
  custom:scripting/monoscript/fileName/CinemachineToolbarOverlay.cs: 371b6fc494252d6fda34e207e170cb66 -> 
  custom:scripting/monoscript/fileName/BaseDelegator.cs: d270baecbc007d1328bc5c9991d1dea9 -> 
  custom:scripting/monoscript/fileName/TestSettings.cs: d583ccee803a035f2d53ba29374aac19 -> 
  custom:scripting/monoscript/fileName/IUtpMessageReporter.cs: e8e6a62b6032a5642706a62156dd8314 -> 
  custom:scripting/monoscript/fileName/TestRunCallbackListener.cs: 15fa13086a2949901b1e4a3584b83cd8 -> 
  custom:scripting/monoscript/fileName/IOuterUnityTestAction.cs: 58e7f8b884a5d88e319b8f448f29bfdb -> 
  custom:scripting/monoscript/fileName/TestResultRendererCallback.cs: 215106b260625bb3e26681b849d9307d -> 
  custom:scripting/monoscript/fileName/RequireApiProfileAttribute.cs: 4cce4894a0d08ef40fd237b8e50d1caa -> 
  custom:scripting/monoscript/fileName/SynchronousFilter.cs: b84da53d6d10348793b3683f19a6d4b3 -> 
  custom:scripting/monoscript/fileName/CinemachinePathBase.cs: debb99764287c54cae06313e2d6a1fe1 -> 
  custom:scripting/monoscript/fileName/CleanupVerificationTask.cs: 12e81b196e7eac521f1ae8e0411b3d28 -> 
  custom:scripting/monoscript/fileName/LegacyEditModeRunTask.cs: 2b5f09ef7f63773ca676d71969800516 -> 
  custom:scripting/monoscript/fileName/CinemachineImpulseSource.cs: ac073b8453e26c5dd422d5f1a90a7ff2 -> 
  custom:scripting/monoscript/fileName/IEditorCompilationInterfaceProxy.cs: b1e49de3ac2ed1feea91c5f6846d6e49 -> 
  custom:scripting/monoscript/fileName/CinemachineSmoothPath.cs: c28db2688f35d70587b5f943431a010a -> 
  custom:scripting/monoscript/fileName/IErrorCallbacks.cs: fd7a49712e8a919d38dd0fddef8872df -> 
  custom:scripting/monoscript/fileName/IEditModeTestYieldInstruction.cs: ad49fb85f2d4ed0badb27552deac0771 -> 
  custom:SearchIndexIgnoredProperties: e643bd26f0fe6173181afceb89e7c659 -> 
  custom:scripting/monoscript/fileName/CinemachineCollisionImpulseSourceEditor.cs: 29f9a522ec6b23375849ba08fd597c8d -> 
  custom:scripting/monoscript/fileName/IScriptingRuntimeProxy.cs: c75af2a6ef439df9f19f151aeb5749ea -> 
  custom:scripting/monoscript/fileName/TestFilterSettings.cs: 5275be823d4854688aedadf9bf48dfa8 -> 
  custom:scripting/monoscript/fileName/CachingTestListProvider.cs: bfcb79acce43a93633071168c814d063 -> 
  custom:scripting/monoscript/fileName/CinemachineStateDrivenCamera.cs: aea2468a7384be4ba6d1b043ccec135d -> 
  custom:scripting/monoscript/fileName/EnumerableRepeatedTestCommand.cs: dbdc4517e80e66a31f48ce40e06931f2 -> 
  custom:scripting/monoscript/fileName/PlatformSpecificSetup.cs: 0a7f9c0b27ae370d8bd5d3df4916ae28 -> 
  custom:scripting/monoscript/fileName/PlaymodeTestsControllerSettings.cs: 90cec9ec9d50d9e797d7b80fa88b49ed -> 
  custom:scripting/monoscript/fileName/EditModeLauncherContextSettings.cs: d1e413330d98a9101237ccbe91f95dea -> 
  custom:scripting/monoscript/fileName/UnityWorkItemDataHolder.cs: 94e44d74f673f889418b2b9926b6615c -> 
  custom:scripting/monoscript/fileName/CinemachineIndependentImpulseListener.cs: 91ae8748b9c36955c333e57505ff90fb -> 
  custom:scripting/monoscript/fileName/PlayerQuitHandler.cs: b4085dee8fd70ae04ac96945fafed489 -> 
  custom:scripting/monoscript/fileName/CommandLineOption.cs: 211f73ad4421274a5a418608b74cc839 -> 
  custom:scripting/monoscript/fileName/IPostBuildCleanup.cs: 8d43f6dbc44addb43106f91d15047771 -> 
  custom:scripting/monoscript/fileName/ExitCallbacks.cs: 716173503afdef0ae4c4023adba1972e -> 
  custom:scripting/monoscript/fileName/ICallbacksHolder.cs: 790e89a97c8150c3044e584386d3ba9a -> 
  custom:scripting/monoscript/fileName/UnityPlatformAttribute.cs: e79555e200698f1b55c6c54851cd369e -> 
  custom:scripting/monoscript/fileName/PlayerLauncher.cs: c1129f48ad00377c128c470482bb7e8e -> 
  custom:scripting/monoscript/fileName/UnityCombinatorialStrategy.cs: e857e6faada8b59173cb249a8a6be6fa -> 
  custom:scripting/monoscript/fileName/ImmediateEnumerableCommand.cs: 89dd27d23dccf969b99d79611e8fed9a -> 
  custom:container-demuxer-ogg: 62fdf1f143b41e24485cea50d1cbac27 -> 
  custom:scripting/monoscript/fileName/CinemachineMixingCameraEditor.cs: 1c122a21d710512fec62cdc7bd351681 -> 
  custom:scripting/monoscript/fileName/PrebuildSetupTask.cs: a4e888a510b1441a257b12183e59237b -> 
  custom:scripting/monoscript/fileName/CinemachineTriggerAction.cs: cab9c5d02c28af05797c2c3743539bdb -> 
  custom:scripting/monoscript/fileName/CinemachinePostProcessing.cs: bf9b100a1b61fd5383288bc96487c194 -> 
  custom:scripting/monoscript/fileName/TestStarter.cs: d1bc3fba65bb4735afc3828355ea6c72 -> 
  custom:scripting/monoscript/fileName/CinemachineTagFieldPropertyDrawer.cs: e78491a12decd558a49d01cc583bfcfb -> 
  custom:scripting/monoscript/fileName/CinemachineInputProvider.cs: ecb845de690695f08b3b3bb647cc7006 -> 
  custom:scripting/monoscript/fileName/ApplePlatformSetup.cs: 0ceeffeb4378c50fe08ff9b5d16a73f3 -> 
  custom:scripting/monoscript/fileName/CinemachineColliderEditor.cs: 859d1abbd669ee84cb713f6d4d0e1c5f -> 
  custom:AudioImporter_EditorPlatform: d09bf68614088b80899f8185d706f6e7 -> 
  custom:scripting/monoscript/fileName/EnumerableSetUpTearDownCommand.cs: 16b603dbb9724508977696171a42991f -> 
  custom:scripting/monoscript/fileName/CinemachineBlenderSettings.cs: 9adcb80668a56be4cd8e31c1d3dc60ae -> 
  custom:scripting/monoscript/fileName/SignalSourceAsset.cs: f7ffd463dece56bad278f5a8d3ed7fc6 -> 
  custom:scripting/monoscript/fileName/RerunCallback.cs: ffe49cf602017087ffa7749d06513ace -> 
  custom:scripting/monoscript/fileName/CoroutineRunner.cs: 846507eaccf9841c799a02861e075d47 -> 
  custom:scripting/monoscript/fileName/EnumerableTestMethodCommand.cs: 9040b48595c4d63d6c1126d81d3f1105 -> 
  custom:scripting/monoscript/fileName/UnexpectedLogMessageException.cs: a7bbf32861c66018271b093fc1d1061b -> 
  custom:scripting/monoscript/fileName/ConstructDelegator.cs: c271ca33e5434ac87e82546dd149c303 -> 
  custom:scripting/monoscript/fileName/InspectorUtility.cs: e13a8546bf784ce9963c508abb88926b -> 
  custom:scripting/monoscript/fileName/EditorCompilationInterfaceProxy.cs: 12bc7b3dd0ab2ff83629d76ca37d0d4d -> 
  custom:scripting/monoscript/fileName/CinemachineSameAsFollowTarget.cs: bcfa2d394e1e5460b4ef3dc039214a16 -> 
  custom:CustomObjectIndexerAttribute: 9a22284fe3817be447336de3de66b15e -> 
  custom:scripting/monoscript/fileName/TestResultAdaptor.cs: 01f13b05c54997e79e13f4344e180695 -> 
  custom:scripting/monoscript/fileName/PlayerLauncherTestRunSettings.cs: ac04d6a6a9c6380f318071a2f4da8a2f -> 
  custom:scripting/monoscript/fileName/TestListTreeViewDataSource.cs: 153f0d5d9a6099f80f6d26e9c0ad6b7d -> 
  custom:scripting/monoscript/fileName/CinemachinePOV.cs: e4df06d1994174afa286b103eb06ee7f -> 
  custom:scripting/monoscript/fileName/CinemachineMixingCamera.cs: 739c5ceb76c01023f431794ec46a0177 -> 
  custom:scripting/monoscript/fileName/PostBuildCleanupAttribute.cs: 71391ff444f943d9ad8dd0d42b7ac81f -> 
  custom:scripting/monoscript/fileName/TestRunCallbackAttribute.cs: c61459d4a70eab5bd767d5a1f82f55d8 -> 
  custom:scripting/monoscript/fileName/UnityLogCheckDelegatingCommand.cs: 410acedf83a5c4e9d5a212b5635d0c88 -> 
  custom:scripting/monoscript/fileName/TestPlayerBuildModifierAttribute.cs: d4ffc53911ef24dec9dc901e0444a77b -> 
  custom:framework-win-MediaFoundation: 216162199b28c13a410421893ffa2e32 -> 
  custom:scripting/monoscript/fileName/CinemachineExtension.cs: 6968db4afcdc301f6acb1ef4fbadb2f4 -> 
  custom:scripting/monoscript/fileName/ITestListCache.cs: 93f202374a8dd6602503d990ab2feb72 -> 
  custom:scripting/monoscript/fileName/CinemachineImpulseEnvelopePropertyDrawer.cs: 07e00c9c84964a5c7e4f3f19e4263ec1 -> 
  custom:scripting/monoscript/fileName/CinemachineVolumeSettings.cs: 22782cc3dbf8dfd1cb54e8486f29fe0d -> 
  custom:scripting/monoscript/fileName/SplineHelpers.cs: 9e5bf4293b3828088291b7871e233a27 -> 
  custom:scripting/monoscript/fileName/StacktraceFilter.cs: 2f4728b5b8f653bd2197ec8c4b722e7d -> 
  custom:scripting/monoscript/fileName/CinemachineCore.cs: fe6c3be993819098833de1628bfd76b2 -> 
  custom:scripting/monoscript/fileName/CinemachinePath.cs: b443d3c8837a65ddc3c78741cd58ec71 -> 
  custom:scripting/monoscript/fileName/CommandLineOptionSet.cs: 57b6c3812f217f48a5cedf066a216cfd -> 
  custom:scripting/monoscript/fileName/CinemachineImpulseSourceEditor.cs: 0ef7804c69c18838aa65e6d5bae5b055 -> 
  custom:scripting/monoscript/fileName/TestTreeData.cs: 1859d24be324d8fb87ab0c693d76d928 -> 
  custom:scripting/monoscript/fileName/ITestRunCallback.cs: 7d90e4d27cccfe89ef24a93578e15a74 -> 
  custom:scripting/monoscript/fileName/ActionDelegator.cs: f2eb6c2fd33630cfdd6d3183b4a2ca3f -> 
  custom:scripting/monoscript/fileName/CinemachineImpulseChannelPropertyDrawer.cs: 4b6390a17916751618e2a45cb8d47a80 -> 
  custom:scripting/monoscript/fileName/Vector3EqualityComparer.cs: 1c8652cac1f220d6409ab1ba3f211615 -> 
  custom:scripting/precompiled-assembly-types:nunit.framework: de9c6147ae45b4e3446d0e562fb3bbe3 -> 
  custom:scripting/monoscript/fileName/ITestRunnerApiMapper.cs: 337d02b691c8103d2eedc6b52f4f76ab -> 
  custom:scripting/monoscript/fileName/RerunCallbackInitializer.cs: a2ca4a4e4bb070fd30ec377e61ed66cb -> 
  custom:scripting/monoscript/fileName/LogAssert.cs: 195ab501c85f741ece9ac8b49385dcce -> 
  custom:scripting/monoscript/fileName/CinemachineTargetGroup.cs: 10a09aa736b3a25da6dd9fc3c4dd9d36 -> 
  custom:scripting/monoscript/fileName/CinemachineBlenderSettingsEditor.cs: c57aa7de12bc3e7367ca091f4902c67b -> 
  custom:scripting/monoscript/fileName/IEditorAssembliesProxy.cs: 8586f95fda82b1fa948b8ac0ebb50a9d -> 
  custom:scripting/monoscript/fileName/CinemachineExternalCameraEditor.cs: d74df442250b898c9b40669a19100e9d -> 
  custom:scripting/monoscript/fileName/SettingsBuilder.cs: 9aeeee75a181ed82e0343a1fb6b9cead -> 
  custom:scripting/monoscript/fileName/ICallbacks.cs: a9c5fd289272fce7e09c7f3e5f11b8a0 -> 
  custom:scripting/monoscript/fileName/CinemachineVirtualCameraBaseEditor.cs: 13ee4931cd85df4b22852d0547b5e690 -> 
  custom:scripting/monoscript/fileName/AndroidPlatformSetup.cs: 67d5fa212608c900d88b1544a5f49997 -> 
  custom:scripting/monoscript/fileName/ITestListCacheData.cs: 09682e3e03141d9f43100cdaff3665eb -> 
  custom:scripting/monoscript/fileName/SetupException.cs: 38724dd55c58f65b09d9fda4b6161021 -> 
  custom:scripting/monoscript/fileName/PrebuildSetupAttributeFinder.cs: 1f975f3a70c8f9747da919735d84e6c3 -> 
  custom:scripting/monoscript/fileName/UpdateTracker.cs: 3dac8a24a32a32e4bbfeb38ed26ef250 -> 
  custom:scripting/monoscript/fileName/SerializedPropertyHelper.cs: b04ac165255e34bc2935ca9bf180e209 -> 
  custom:scripting/monoscript/fileName/TestListCacheData.cs: 295232838ed90f85679b2d004562d59e -> 
  custom:scripting/monoscript/fileName/ScriptingRuntimeProxy.cs: 19d9ac4d844404a0464698120ed39275 -> 
  custom:scripting/monoscript/fileName/IEditorLoadedTestAssemblyProvider.cs: cbb3f715010afa8cd4f0f40294bb78ba -> 
  custom:scripting/monoscript/fileName/ILogScope.cs: e99dd640a2ac2c8b1c0c97725f23440d -> 
  custom:scripting/monoscript/fileName/CinemachineFramingTransposer.cs: 7943c9d436748359882d8f978cf86c91 -> 
  custom:scripting/monoscript/fileName/CinemachineBlend.cs: f33659d50c4d86144d649aa7e8196529 -> 
  custom:scripting/monoscript/fileName/TestExtensions.cs: 8e47deac44d7b87eaa5df5d00556dc15 -> 
  custom:scripting/monoscript/fileName/Is.cs: 6922f89182cd28e32ba48e34cda7947d -> 
  custom:scripting/monoscript/fileName/TestListProvider.cs: f8235933605b6a025c9638df0194bf97 -> 
  custom:scripting/monoscript/fileName/ITestListProvider.cs: 0169c532d74787e64cd4163cd55d4572 -> 
  custom:scripting/monoscript/fileName/TestEnumeratorWrapper.cs: 3e969f8448dc5644f60fbcb6f1badbcb -> 
  custom:scripting/monoscript/fileName/TestListGUIBase.cs: 24d4809a020104916f1cbf5b523f10ca -> 
  custom:scripting/monoscript/fileName/AllocatingGCMemoryConstraint.cs: 8b2ed7fbfb529ba318fb8425f7a81278 -> 
  custom:scripting/monoscript/fileName/WindowResultUpdaterDataHolder.cs: 2de8ba1615f5d28c30d54411d42e2524 -> 
  custom:scripting/monoscript/fileName/LogWriter.cs: 89105d9cfbe59e79a996dde998b3e7ff -> 
  custom:scripting/monoscript/fileName/LegacyPlayModeRunTask.cs: 8a159c990fea520d0af36b86d243e79e -> 
  custom:scripting/monoscript/fileName/CinemachineComposerEditor.cs: dda533b9c6cb2b366292f584704bd904 -> 
  custom:scripting/monoscript/fileName/AttributeHelper.cs: dcab3630cb119e1a5f7f9c7b24677e49 -> 
  custom:scripting/monoscript/fileName/TestRunCanceledException.cs: ff7dc6bce365deb50fafe94b823009cb -> 
  custom:scripting/precompiled-assembly-types:Cinemachine: 1cc39127d1024b5eb3fb6725fe611501 -> 
  custom:scripting/monoscript/fileName/CinemachineSameAsFollowTargetEditor.cs: 6def40fc1e39b3242347b6630fb5127e -> 
  custom:scripting/monoscript/fileName/ISettingsBuilder.cs: af84c62ea6a033820a24a2d04c70d5c3 -> 
  custom:scripting/monoscript/fileName/UnityWorkItem.cs: ce02ef2c77c866afeb6c04a89a364a8a -> 
  custom:scripting/monoscript/fileName/PlayerConnectionMessageIds.cs: 2e4b7265f0eeb40e1260d00fe6e4614e -> 
  custom:scripting/monoscript/fileName/RenderingOptions.cs: a84cebfad0b53e3dbf0202be3cc1d6d3 -> 
  custom:scripting/monoscript/fileName/CinemachineTargetGroupEditor.cs: f70ac85df8c1c9bd0b83a35534bafd1f -> 
  custom:scripting/monoscript/fileName/TestCommandBuilder.cs: bf61faf29c0aea0c4e5d4ac76abaee13 -> 
  custom:scripting/monoscript/fileName/WorkItemFactory.cs: d8b2e380888ccc980a475a01f04d7a45 -> 
  custom:scripting/monoscript/fileName/ITestResultAdaptor.cs: bb9e1bbb2ff45e5a5f11e877a24721d7 -> 
  custom:scripting/monoscript/fileName/CinemachineImpulseDefinition.cs: 3d434086a2bdaf715abf85e79e9f14b4 -> 
  custom:scripting/monoscript/fileName/Vector4ComparerWithEqualsOperator.cs: 982db4358832ddfb456522b96543f1da -> 
  custom:scripting/monoscript/fileName/CinemachineRecomposer.cs: 07354cca81f7d0775b027b5906330569 -> 
  custom:scripting/monoscript/fileName/CinemachineImpulseListenerEditor.cs: d5d28e418f87c111bce1c1b98f1f70ba -> 
  custom:scripting/monoscript/fileName/UnityTestExecutionContext.cs: 4c0ef8e8d96fc20b3ec58c9447d6ec92 -> 
  custom:scripting/monoscript/fileName/InvalidSignatureException.cs: f250eccc836ee674127ecdee41f7a4ea -> 
  custom:scripting/precompiled-assembly-types:com.unity.cinemachine.editor: 09513d268ca987ae1a0f1d949f942778 -> 
  custom:scripting/monoscript/fileName/IAssetsDatabaseHelper.cs: 4f8027cddf715e38f75ab454f20fe051 -> 
  custom:scripting/monoscript/fileName/CinemachineFreeLookEditor.cs: 9641291977c1891a004ac4c4c259e1c8 -> 
  custom:scripting/monoscript/fileName/CinemachineTransposer.cs: aa226dd144b3a977b86ea888b85df5fa -> 
  custom:scripting/monoscript/fileName/Vector2ComparerWithEqualsOperator.cs: 1851f392f974d4a42efb0de68a402e9b -> 
  custom:scripting/monoscript/fileName/LogSavingCallbacks.cs: 8eb93b3e2c76ea1a8acb6e2d0b5c5f91 -> 
  custom:scripting/monoscript/fileName/ITestAdaptorFactory.cs: 0cef1125679c38dd172e82c8aed26eb9 -> 
  custom:scripting/monoscript/fileName/UnitySetUpAttribute.cs: 78bcd37bf54751e70200df4ae24f405b -> 
  custom:scripting/monoscript/fileName/RestoreTestContextAfterDomainReload.cs: 3f8ddcbc7c316ccf5012287995780eb2 -> 
  custom:scripting/monoscript/fileName/TestListJob.cs: 3a58b9c1d09f7f4ecb41254c8497b5c7 -> 
  custom:scripting/monoscript/fileName/CinemachineBlendListCameraEditor.cs: dbc12d2a9f3e2999a067290c411b2aca -> 
  custom:scripting/monoscript/fileName/AssemblyWrapper.cs: 888ba979193ec837feef9add74101219 -> 
  custom:scripting/monoscript/fileName/Cinemachine3rdPersonFollow.cs: 4600bac2bdf6b37d80e86f9aa5a413c3 -> 
  custom:scripting/monoscript/fileName/SwitchPlatformSetup.cs: 576de741bbd585688af4b8aaf70f0708 -> 
  custom:scripting/monoscript/fileName/RemoteTestResultDataWithTestData.cs: bcf701fb298ed6f8cab894b203300c37 -> 
  custom:scripting/monoscript/fileName/TestFinishedMessage.cs: ccd3538dc4059cd71acd9bfea48dbc80 -> 
  custom:scripting/monoscript/fileName/PlayerLauncherContextSettings.cs: 3c0a34dce28ade8f88b3e213fadb0738 -> 
  custom:scripting/monoscript/fileName/WindowResultUpdater.cs: 605812b0e2a9a0174e15ed86a3d5ac57 -> 
  custom:scripting/monoscript/fileName/TargetPositionCache.cs: 49ce97e6930a536b43825141e0c2d3a4 -> 
  custom:scripting/monoscript/fileName/CinemachineTransposerEditor.cs: 85841a774ddea4fb7232a7a585f716b4 -> 
  custom:scripting/monoscript/fileName/BeforeAfterTestCommandBase.cs: 90647cc400823b41df847a6cbfc29026 -> 
  custom:scripting/monoscript/fileName/TestRunnerResult.cs: 613fb3e1dfef14aa9d5aea2cd635ffff -> 
  custom:scripting/monoscript/fileName/ConstraintsExtensions.cs: 89e01f1f8de15d891db3bad70117d924 -> 
  custom:scripting/precompiled-assembly-types:UnityEditor.TestRunner: 1b08a5e3d69264f3b8177a3e839577fe -> 
  custom:scripting/monoscript/fileName/EditModeRunner.cs: f1ceb581ae48e42ca32e80f796ce45bc -> 
  custom:scripting/monoscript/fileName/Vector2EqualityComparer.cs: 4ac8b0db10bbdb7ea68d4be944c5b941 -> 
  custom:scripting/monoscript/fileName/clipper.cs: 2a50e35a835148907b3c1fa8e187ab2b -> 
  custom:scripting/monoscript/fileName/NoiseSettings.cs: 443d576e0c72ab62870476103c9384ec -> 
  custom:scripting/monoscript/fileName/Icons.cs: d200e454d3abc3ae715b656f39ed7d9c -> 
  custom:scripting/monoscript/fileName/UnityTestTimeoutException.cs: b7ec28ea102309dc20886c45fff1e1b5 -> 
  custom:scripting/monoscript/fileName/PlayModeRunnerCallback.cs: 6cd874bc3032a6eaf4228f5877b27ba0 -> 
  custom:scripting/monoscript/fileName/ITestTreeRebuildCallbacks.cs: f952713f83d574a58f719696be7e52a3 -> 
  custom:scripting/monoscript/fileName/UnityVectorExtensions.cs: 052777772edecdffe26d41a6a989641e -> 
  custom:scripting/monoscript/fileName/RunSettings.cs: 6770f3fdaf287e73ff6c63f28a5a7e92 -> 
  custom:scripting/monoscript/fileName/AxisState.cs: 1a494a66d8b9a58f4a6873f89bf5b094 -> 
  custom:scripting/monoscript/fileName/SaveModiedSceneTask.cs: 135adac13be698ff4439d6c6268aa5b8 -> 
  custom:scripting/monoscript/fileName/IAssemblyWrapper.cs: 993dbd556e2f14ec6d4f6bce6cb00191 -> 
  custom:scripting/monoscript/fileName/UITestRunnerFilter.cs: a9e31eaec62dd508fa917eadb1c52808 -> 
  custom:scripting/monoscript/fileName/Executer.cs: 3f667ef14fa1c500658713b8aa31fd85 -> 
  custom:scripting/monoscript/fileName/UtpMessageReporter.cs: 1ce82c57220e51532d6b3e5da0cecc24 -> 
  custom:scripting/monoscript/fileName/EmbeddedAssetHelpers.cs: 90647cc400823b41df847a6cbfc29026 -> 
  custom:scripting/monoscript/fileName/FileCleanupVerifierTaskBase.cs: 8c0e90b329ac988e22429767c222f3c6 -> 
  custom:scripting/monoscript/fileName/UwpPlatformSetup.cs: b9f50f93de5f547a7eaf96f1bc58a80f -> 
  custom:scripting/monoscript/fileName/EnumeratorStepHelper.cs: 05022a723dcf173476ccb43403871168 -> 
  custom:scripting/monoscript/fileName/CinemachineBasicMultiChannelPerlinEditor.cs: d6749cd6c482efa27bdd41f60394f1b9 -> 
  custom:scripting/monoscript/fileName/AssetPipelineIgnore.cs: 09786e27e9aef22fa608d3ec356f88ff -> 
  custom:scripting/monoscript/fileName/PlayerTestAssemblyProvider.cs: cbdd04f669e4e0054bad4f9d3133a10c -> 
  custom:scripting/monoscript/fileName/CinemachineDollyCart.cs: bbe9d07f4a2f7ee5ab002e66cb05f922 -> 
  custom:scripting/monoscript/fileName/CinemachineHardLockToTarget.cs: d349308c5b4f600a345055c394206f52 -> 
  custom:scripting/monoscript/fileName/EnumerableApplyChangesToContextCommand.cs: c2aa6cedc66892dd581c50a4d9b6a147 -> 
  custom:scripting/monoscript/fileName/UnhandledLogMessageException.cs: fa6ee6fe2a221a71f213304ae56898c7 -> 
  custom:scripting/monoscript/fileName/CinemachineConfiner2D.cs: beb10be0db8ff9d3a94bd0a150963b9b -> 
  custom:scripting/monoscript/fileName/RecompileScripts.cs: 73e345449efb1420f34aad9debcdf2bd -> 
  custom:scripting/monoscript/fileName/CinemachineImpulseChannels.cs: a9a39cc5ecea1f083db0fce154eec19c -> 
  custom:scripting/monoscript/fileName/PlaymodeWorkItemFactory.cs: 8bb2d7c0ad22b08cf17b1748007ae8c3 -> 
  custom:scripting/monoscript/fileName/PrebuildSceneSetupAttribute.cs: 7863da9f66129a3cef8eac0a1f19b990 -> 
  custom:scripting/monoscript/fileName/FullNameFilter.cs: 7c49c279cb0d631ca64d8b7d70065d9c -> 
  custom:scripting/monoscript/fileName/RemoteTestData.cs: 51ba1ddd57fb71948e60067806b9cfcd -> 
  custom:scripting/monoscript/fileName/StadiaPlatformSetup.cs: 27e00e91e04b4888c1d6354fa4baa6a5 -> 
  custom:scripting/monoscript/fileName/LensSettings.cs: 4335e899502c57ee4480b8c9aa915366 -> 
  custom:scripting/monoscript/fileName/TestSettingsDeserializer.cs: 2daa2d89ea5f024d33cb1e72a3d35d63 -> 
  custom:scripting/monoscript/fileName/TestResultSerializer.cs: b75c8de5ed0cf8b4071350488249260d -> 
  custom:scripting/monoscript/fileName/EditModeTestListGUI.cs: 8831f0ca2dcd13614282b516af72c688 -> 
  custom:scripting/monoscript/fileName/IUtpLogger.cs: 1b41334d9fc4fd5edb024e0bd2a6db56 -> 
  custom:scripting/monoscript/fileName/CinemachineBlendListCamera.cs: 66104ac24fef171d9f5d5b93a8cb2f83 -> 
  custom:scripting/monoscript/fileName/GaussianFilter.cs: 0a3672ebe80edf7c5daca82445c15683 -> 
  custom:scripting/monoscript/fileName/DelayedCallback.cs: e88c5396d33adcd6404b4cb8a051b2b1 -> 
  custom:scripting/monoscript/fileName/TestRunnerWindow.cs: 156fc89bab7bdd82ca70e07c9aa9ebbd -> 
  custom:scripting/monoscript/fileName/CinemachineStoryboard.cs: d9f07a666a560923e98ea34fe3097592 -> 
  custom:scripting/monoscript/fileName/CinemachineSceneTools.cs: d63880a6073ab3335301b115db235b5b -> 
  custom:scripting/monoscript/fileName/OrderedTestSuiteModifier.cs: 6a8006d91a7636d39c6731494060c3c2 -> 
  custom:scripting/monoscript/fileName/CinemachineExternalCamera.cs: d76122377115c288d881064c3f07a3f1 -> 
  custom:scripting/monoscript/fileName/Cinemachine3rdPersonFollowEditor.cs: f79aa162534f81c680877e6274b5d6ec -> 
  custom:scripting/monoscript/fileName/BeforeAfterTestCommandState.cs: b5335096b805e070d1c48ec9209e057d -> 
  custom:scripting/monoscript/fileName/CinemachineClearShot.cs: 1da15f5c7903497ce3ae982ee4ee4779 -> 
  custom:scripting/monoscript/fileName/EmbeddedAssetPropertyDrawer.cs: fd7ebc18093de04c88d0cfc86fb060f5 -> 
  custom:scripting/monoscript/fileName/Cinemachine3rdPersonAim.cs: 4bd230d915f070bb3cae23bef6f7ab70 -> 
  custom:scripting/monoscript/fileName/DefaultTestWorkItem.cs: f906b4fb5b78cb9d23a07212620919d9 -> 
  custom:scripting/monoscript/fileName/TestRunnerApiMapper.cs: 241489454095fad1d1d89166ee62820f -> 
  custom:scripting/monoscript/fileName/Message.cs: 8bedd82aba9fbcb31fd5e4f234690efd -> 
  custom:scripting/monoscript/fileName/TestTreeViewBuilder.cs: 6ec2bdd7d75f4f5e0b3318e1489ac19d -> 
  custom:scripting/monoscript/fileName/CinemachinePOVEditor.cs: 71db5a9242a182995b4ca15db516f628 -> 
  custom:scripting/monoscript/fileName/LegacyPlayerRunTask.cs: 148e0500b0761261bc418d25c26e82b1 -> 
  custom:scripting/monoscript/fileName/ReflectionHelpers.cs: 60a5d38af3e775d0a421a7ff630d61cc -> 
  custom:scripting/monoscript/fileName/BuildTestTreeTask.cs: ca4a5380bc07f43d0ad6bc5c2ca39b4b -> 
  custom:scripting/monoscript/fileName/ICallbacksDelegator.cs: 2bfa822de05a601b9fbe2f79d4d317c0 -> 
  custom:scripting/monoscript/fileName/LogScope.cs: a032a8edefa3a04276b9f24e5047f2ac -> 
  custom:scripting/monoscript/fileName/Vector3ComparerWithEqualsOperator.cs: c497cde63ec72672e5f69e70b932688f -> 
  custom:scripting/monoscript/fileName/CinemachinePixelPerfect.cs: 2f42bea4517739481ed2553d1616050e -> 
  custom:scripting/monoscript/fileName/TestListGuiHelper.cs: 6d40eb061ebdba07e078b90b14eadffd -> 
  custom:container-demuxer-webm: 4f35f7cbe854078d1ac9338744f61a02 -> 
  custom:scripting/monoscript/fileName/IGuiHelper.cs: da57d3fb0f8ace42d5b01eed25e9e3d5 -> 
  custom:scripting/monoscript/fileName/TestAdaptor.cs: 1eba32971501e8ea77656cefad78e8dd -> 
  custom:scripting/monoscript/fileName/EditmodeWorkItemFactory.cs: e9c8ba8d2a4b7d9a886e64626b2e6205 -> 
  custom:scripting/monoscript/fileName/CinemachineVirtualCamera.cs: f16f2dc5bc1261579875c19605c45301 -> 
  custom:scripting/monoscript/fileName/TestJobData.cs: 194f4626c5a4649f7b9d85aa9d59e59a -> 
  custom:scripting/monoscript/fileName/TestListenerWrapper.cs: 9bd83ba3a6a675f3c605795064caa62b -> 
  custom:scripting/monoscript/fileName/TestStartedMessage.cs: 2e20a681c83fd9e8634c9b938205f951 -> 
  custom:scripting/monoscript/fileName/CinemachineTrackedDolly.cs: f6a9c21b27ad86d45f62f6b444ccbb49 -> 
  custom:scripting/monoscript/fileName/TestPlanMessage.cs: 6199b0505360321c39d00a607adaaf8d -> 
  custom:scripting/monoscript/fileName/RuntimeTestRunnerFilter.cs: 526247a6af82c71973a55c9c5be36280 -> 
  custom:scripting/monoscript/fileName/CallbacksDelegator.cs: e0dcdade48f633c0a7cebc925bd686c4 -> 
  custom:scripting/monoscript/fileName/TestResultExtensions.cs: 1c512e213c49ce6d72b9d37b957b9372 -> 
  custom:scripting/monoscript/fileName/TestCommandPcHelper.cs: f958b2880473418011bc0cda18245d1e -> 
  custom:scripting/monoscript/fileName/LogMatch.cs: fed715ef044674dde53628d58d931b50 -> 
  custom:scripting/monoscript/fileName/ITestSettings.cs: 7d6676128f469c2eefb2813ec592ab4f -> 
  custom:scripting/monoscript/fileName/CinemachineComponentBase.cs: 5293f153c13e9bd2fc262ec31ff69206 -> 
  custom:scripting/monoscript/fileName/CinemachineHardLookAtEditor.cs: 15b8f2af6a6d786898ce5dd6b0db26dc -> 
  custom:scripting/monoscript/fileName/BaseEditor.cs: 90647cc400823b41df847a6cbfc29026 -> 
  custom:scripting/monoscript/fileName/RemoteTestResultSender.cs: 2b6acbe484994dc310d0ac406904e742 -> 
  custom:scripting/monoscript/fileName/CinemachineConfiner.cs: 3813336c17662a5cb6b59ce5f1954254 -> 
  custom:scripting/monoscript/fileName/ITestRunSettings.cs: a5342276210c7f86635118880184dc77 -> 
  custom:scripting/monoscript/fileName/CallbacksDelegatorListener.cs: f80c4f45fed6816f24285f468af00026 -> 
  custom:scripting/monoscript/fileName/OutOfOrderExpectedLogMessageException.cs: 4ff78bac16cc86124e588c20ad3ddba7 -> 
  custom:scripting/monoscript/fileName/TestRunnerWindowSettings.cs: fb70b758f65d0605100dbd9482b7158e -> 
  custom:scripting/monoscript/fileName/IPlatformSetup.cs: 6f20476898784a15f8b8eb28653a67fd -> 
  custom:scripting/monoscript/fileName/TestTreeViewItem.cs: aae3d62f4daf680133c1c18c7814d15e -> 
  custom:scripting/monoscript/fileName/CinemachineTriggerActionEditor.cs: 2309a2ec6192ace4cae8bab5a535978e -> 
  custom:scripting/monoscript/fileName/AssemblyLoadProxy.cs: 0f3a4ee005eb8f7b33161c2ba6196e00 -> 
  custom:scripting/monoscript/fileName/ConfinerOven.cs: ff23c03e90b61beb34474fc6e4ff668c -> 
  custom:container-muxer-webm: aa71ff27fc2769a1b78a27578f13a17b -> 
  custom:scripting/monoscript/fileName/AttributeFinderBase.cs: 7e104530f871143fdb60a169114dd663 -> 
  custom:scripting/monoscript/fileName/Predictor.cs: d51584936cb5b31b30ee7b444e03385b -> 
  custom:video-codec-MediaFoundation-h265: 746d11721c4dcdbdad8f713fa42b33f4 -> 
  custom:scripting/monoscript/fileName/CinemachineImpulseListener.cs: 6aac146243d38e7a67346170caa40ea1 -> 
  custom:scripting/monoscript/fileName/VcamTargetPropertyDrawer.cs: 9208050b1312b118a226fef2d63e8fa1 -> 
  custom:scripting/monoscript/fileName/SaveUndoIndexTask.cs: 6e0bcd5f418cf8184993174ac732fff4 -> 
  custom:scripting/monoscript/fileName/CinemachineOrbitalTransposerEditor.cs: 5ea2e4bec7ee6c24917bd86647f4bffa -> 
  custom:scripting/monoscript/fileName/SetUpTearDownCommand.cs: 684e5d1c75373405f8a6c9575324286f -> 
  custom:scripting/monoscript/fileName/TestResultRenderer.cs: 2e8123de6d2eea4d42efb7a87e150b27 -> 
  custom:scripting/monoscript/fileName/PlayerLauncherBuildOptions.cs: 39352f62028667e3cc8d13371f828f55 -> 
  custom:scripting/monoscript/fileName/PlaymodeLauncher.cs: 7559db6722a49842c0446e2fd98b6c97 -> 
  custom:scripting/monoscript/fileName/WaitForDomainReload.cs: b6033700f0adcf3b23782f04c42e269c -> 
  custom:scripting/monoscript/fileName/CinemachineCollisionImpulseSource.cs: 9aae5e368cb7786be199f98f2122f96d -> 
  custom:scripting/monoscript/fileName/ExitCallbacksDataHolder.cs: 2a73f9623aa81becb5d8d11a43747b12 -> 
  custom:scripting/monoscript/fileName/EditorEnumeratorTestWorkItem.cs: b8f886476b7c18f3c1cdeae30ec0c8ea -> 
  custom:scripting/monoscript/fileName/SaveDuringPlay.cs: de39f1962b337699845d3d8a2e8f5bde -> 
  custom:scripting/monoscript/fileName/RegisterFilesForCleanupVerificationTask.cs: f18fd2d946c9ea52b8232f47d6d70221 -> 
  custom:scripting/monoscript/fileName/ICommandLineOption.cs: 58da599070a3bdab08afc8355de79ed5 -> 
  custom:scripting/monoscript/fileName/ITestSettingsDeserializer.cs: 22e37de7af2cea07971d0ba87110dad7 -> 
  custom:scripting/monoscript/fileName/CinemachineClearShotEditor.cs: ca8875b47e775cd361c78158d7923690 -> 
  custom:scripting/monoscript/fileName/CinemachineConfiner2DEditor.cs: 3f4b3d9b17ff5cd560135aa24f822994 -> 
  custom:scripting/monoscript/fileName/CinemachineComposer.cs: e399dfd36807c341da7cd182ce299d1e -> 
  custom:scripting/monoscript/fileName/AnalyticsReporter.cs: 990f0ccd7dd9ebe56483e30a572c9394 -> 
  custom:scripting/monoscript/fileName/TestEnumerator.cs: 26328e1622cb69ba0b1e01e906e7f65f -> 
  custom:scripting/monoscript/fileName/UnityTestAssemblyBuilder.cs: 5e02e71819f544263f933dbf6516d49f -> 
  custom:scripting/monoscript/fileName/TestRunnerStateSerializer.cs: 7206f4f1eb4c5991ea76b5c39830dba4 -> 
  custom:scripting/monoscript/fileName/EnumerableRetryTestCommand.cs: b281084796eb91cc19de80f3f2b73a56 -> 
  custom:scripting/monoscript/fileName/TestAdaptorFactory.cs: b9e4d12260befcd688940e2c80db8ee8 -> 
  custom:scripting/monoscript/fileName/IEnumerableTestMethodCommand.cs: 81260787415c187c9e413e476b816cd2 -> 
  custom:scripting/monoscript/fileName/UtpDebuglogger.cs: 2f96cd7ac1384aa23e8238df80ef8354 -> 
  custom:scripting/monoscript/fileName/ColorEqualityComparer.cs: 9ae684bc4a6b608abc9f7f131bd7cb1d -> 
  custom:scripting/precompiled-assembly-types:UnityEngine.TestRunner: f5758234275f5346968d00e3b1a1c0e4 -> 
  custom:scripting/monoscript/fileName/GroupWeightManipulator.cs: 588749cf3436a8199e762a8e09bc8de7 -> 
  custom:scripting/monoscript/fileName/EditModePCHelper.cs: e16a214ddb2d161f4792170cb0c8e6aa -> 
  custom:scripting/monoscript/fileName/AssemblyNameFilter.cs: ce7ef29746fb23841833950bb87cfa6a -> 
  custom:scripting/monoscript/fileName/WaveformWindow.cs: 01bbc4fc017d41a2bab7fb57c988e8da -> 
  custom:scripting/monoscript/fileName/CinemachinePipeline.cs: 6ca7a5979a0a73ea1d450a8fc9b437ef -> 
  custom:scripting/monoscript/fileName/ExecutionSettings.cs: bbd5f229f5dcda0d2d7d6fe8eb266a59 -> 
  custom:scripting/monoscript/fileName/IAsyncTestAssemblyBuilder.cs: d4bd9849c11964145b1082a4b1d477fa -> 
  custom:scripting/monoscript/fileName/LogEvent.cs: 9bf386b9808c16608387e196f7a5e9d6 -> 
  custom:scripting/monoscript/fileName/CinemachineSmoothPathEditor.cs: 7555bcba4eb760e012dd21c6730ae562 -> 
  custom:scripting/monoscript/fileName/CinemachineEditorAnalytics.cs: de76cc292d7ecedcf47af6616498c9f9 -> 
  custom:scripting/monoscript/fileName/AxisStatePropertyDrawer.cs: 2d807695a513641e771c78e6c342ff04 -> 
  custom:scripting/monoscript/fileName/AnalyticsTestCallback.cs: 70c2658c96c40ebe349fda85c81dae6e -> 
  custom:scripting/monoscript/fileName/RemotePlayerLogController.cs: 158b55f2a8781eb1cac7ac26acd42fc6 -> 
  custom:scripting/monoscript/fileName/EnumerableTestState.cs: 30e3efb82d3f99d65cdecdd2f0bc0194 -> 
  custom:scripting/monoscript/fileName/TestTaskBase.cs: 162ca0c58961a22b2d7f2a866ccb62df -> 
  custom:scripting/monoscript/fileName/CallbacksHolder.cs: 8b4255bb9b31589c4c3dd9303007381d -> 
